{
    "bowtie_index": {
        "content": [
            "fasta_bidx.3.ebwt:md5,5c60180e2f6fc2e0c399f10b9f9bbee2",
            "fasta_bidx.1.ebwt:md5,40c2c142e094ab5ea531a0564ad62cee",
            "fasta_bidx.rev.1.ebwt:md5,4532fb1426b29163b23702c8daf84d62",
            "fasta_bidx.rev.2.ebwt:md5,4270939b810aa3f461bacee1edc993aa",
            "fasta_bidx.4.ebwt:md5,c3d4dbfbb587261ddf29e906029c10b1",
            "fasta_bidx.2.ebwt:md5,6d99166d1a8a7a1bbf262e89db218278",
            "fasta_bidx.3.ebwt:md5,7aeccc6ec919ce1cfcd2b1e40be743fe",
            "fasta_bidx.1.ebwt:md5,11a2f568aa785d32246cb8ce1aa8add4",
            "fasta_bidx.rev.1.ebwt:md5,0520d43b6b75328f3c30254a2d6baa18",
            "fasta_bidx.rev.2.ebwt:md5,ab52bc362b4c382cf213a71219e9efee",
            "fasta_bidx.4.ebwt:md5,78260e9dde22d8f31622c77d71bbb605",
            "fasta_bidx.2.ebwt:md5,778bd05aa462c2119736f9a4056bc41f"
        ],
        "meta": {
            "nf-test": "0.9.0",
            "nextflow": "23.10.0"
        },
        "timestamp": "2024-08-20T20:50:18.193559565"
    },
    "mirtrace": {
        "content": [
            "mirtrace-stats-rnatype.tsv:md5,fdba5f1ccad362dfa2a2e219aa5b16e7",
            "mirtrace-stats-length.tsv:md5,c09651fb8f8417aafad3f3173ae855df",
            "mirtrace-stats-contamination_detailed.tsv:md5,3256b063ab94df31154104416abdeafe",
            "mirtrace-stats-qcstatus.tsv:md5,00a31eee51e4b2306e83fcdc65790da3",
            "mirtrace-stats-contamination_basic.tsv:md5,baeeda551a91def51b0d945b4c1ea8a2",
            "mirtrace-stats-phred.tsv:md5,4b8fa6f5aaeb4f2e43fcb1afa40ebcfa",
            "mirtrace-stats-mirna-complexity.tsv:md5,6f7c2ced9fae8315b2ebb91dd6db9638",
            "Clone1_N1.fastp.fasta:md5,2b7ae92e9b8fcdfa34b62e39d13e49be",
            "Clone9_N1.fastp.fasta:md5,c82f662747004a6873580898e29e1f44",
            "Control_N3.fastp.fasta:md5,178c466a3dae3c168dc1bdaffa647e77",
            "Control_N1.fastp.fasta:md5,5e377b864d5d4443234b46593884514c",
            "Clone9_N2.fastp.fasta:md5,0a676933f44f59ccbf388093e1815b22",
            "Control_N2.fastp.fasta:md5,8b11f194e66d35d8240cabf4493950ef",
            "Clone1_N3.fastp.fasta:md5,b52ce91e385589c82474039c32b9bc0d",
            "Clone9_N3.fastp.fasta:md5,d1b074453b3edb85ada10bd7d82b66a8",
            "Clone1_N1.fastp.fasta:md5,e297dfa46353946d6c140e4513dd4525",
            "Clone9_N1.fastp.fasta:md5,63a17d136548fc98f34c8d98006cc7da",
            "Control_N3.fastp.fasta:md5,d9980a598ece252e19d6c9ebefd51861",
            "Control_N1.fastp.fasta:md5,e964e05ce2c93937a8e76602f2e08150",
            "Clone9_N2.fastp.fasta:md5,b1ca39e6e1e75ee7d654d9ccfb35e906",
            "Control_N2.fastp.fasta:md5,8cefbc494be7b363b19c10b8c00366b2",
            "Clone1_N3.fastp.fasta:md5,4012282462dde0750f09cec883304cc3",
            "Clone9_N3.fastp.fasta:md5,f733e20eb8d2a2009ca82464e8ccb148"
        ],
        "meta": {
            "nf-test": "0.9.0",
            "nextflow": "23.10.0"
        },
        "timestamp": "2024-08-20T20:50:30.083738998"
    },
    "genome_quant": {
        "content": [
            "Control_N2_mature_hairpin_genome.sorted.flagstat:md5,b0d42e94b2e0e026cd32a88dce40722c",
            "Control_N2_mature_hairpin_genome.sorted.stats:md5,1222b755feaf406ecea3f2abb35a737c",
            "Control_N2_mature_hairpin_genome.sorted.idxstats:md5,b6da32ce230fdeab39f3c4d5dcf41a3a",
            true,
            true
        ],
        "meta": {
            "nf-test": "0.9.0",
            "nextflow": "23.10.0"
        },
        "timestamp": "2024-08-20T20:50:19.817165699"
    },
    "software_versions": {
        "content": [
            "{BOWTIE_MAP_GENOME={bowtie=1.3.1, samtools=1.14}, BOWTIE_MAP_HAIRPIN={bowtie=1.3.1, samtools=1.14}, BOWTIE_MAP_MATURE={bowtie=1.3.1, samtools=1.14}, BOWTIE_MAP_SEQCLUSTER={bowtie=1.3.1, samtools=1.14}, FASTP={fastp=0.23.4}, FASTQC_RAW={fastqc=0.12.1}, FASTQC_TRIM={fastqc=0.12.1}, FORMAT_HAIRPIN={fastx_toolkit=0.0.14}, FORMAT_MATURE={fastx_toolkit=0.0.14}, INDEX_HAIRPIN={bowtie=1.3.1}, INDEX_MATURE={bowtie=1.3.1}, MIRTOP_QUANT={mirtop=0.4.25}, MIRTRACE_RUN={mirtrace=1.0.1}, PARSE_HAIRPIN={seqkit=2.6.1}, PARSE_MATURE={seqkit=2.6.1}, SAMTOOLS_FLAGSTAT={samtools=1.2}, SAMTOOLS_IDXSTATS={samtools=1.2}, SAMTOOLS_INDEX={samtools=1.2}, SAMTOOLS_SORT={samtools=1.2}, SAMTOOLS_STATS={samtools=1.2}, SEQCLUSTER_SEQUENCES={seqcluster=1.2.9}, TABLE_MERGE={r-base=3.6.2}, UNTAR_BOWTIE_INDEX={untar=1.3}, Workflow={nf-core/smrnaseq=v2.3.2dev}}"
        ],
        "meta": {
            "nf-test": "0.9.0",
            "nextflow": "23.10.0"
        },
        "timestamp": "2024-08-20T20:50:18.088216994"
    },
    "fastqc": {
        "content": [
            true,
            true,
            true,
            true,
            true,
            true,
            true,
            true,
            true,
            true,
            true,
            true,
            true,
            true,
            true,
            true
        ],
        "meta": {
            "nf-test": "0.9.0",
            "nextflow": "23.10.0"
        },
        "timestamp": "2024-08-20T20:50:25.856996924"
    },
    "untar": {
        "content": [
            "genome.rev.2.ebwt:md5,65f054c598e3e9fdd33cb22c9f8f8ca5",
            "genome.2.ebwt:md5,8f007efb2d23e46035cc47340c4d981e",
            "genome.1.ebwt:md5,1bfbf95848b5a2e8a786d0a2c1054bbb",
            "genome.3.ebwt:md5,caf97e67055e1b465e933214d0168e68",
            "genome.4.ebwt:md5,87ff9d3ef8b55f845a9205a19c729f1c",
            "genome.rev.1.ebwt:md5,3275dafaca50d8cafde473b54e9ebbff"
        ],
        "meta": {
            "nf-test": "0.9.0",
            "nextflow": "23.10.0"
        },
        "timestamp": "2024-08-20T20:50:19.213915527"
    },
    "multiqc": {
        "content": [
            "fastqc-status-check-heatmap.txt:md5,30f55902420433a11971d36956e8576e",
            "fastp_filtered_reads_plot.txt:md5,0af4d3cfbf463f33b2b88cdfd69909ac",
            "fastqc_overrepresented_sequences_plot.txt:md5,d861a4a956a3023efa19b1259d8665b2",
            true,
            "fastqc_sequence_counts_plot-1.txt:md5,37d8ae6c5734eb2679e65e46c9af9101",
            "mirtrace_complexity_plot.txt:md5,5f78d6f559a9642e68e1fd74ac2c11ca",
            "fastqc_per_sequence_gc_content_plot-1_Percentages.txt:md5,edf5130b48b0814788867dd42e9cf407",
            "multiqc_citations.txt:md5,3adbccd17a42d0d5d97ee7ebb476f433",
            "samtools-stats-dp.txt:md5,0f88cdcc523ea239c2dd7e1e2decec36",
            "fastqc_sequence_length_distribution_plot.txt:md5,13f72b3be854c74cd7b5176ca0583770",
            "fastp-seq-content-n-plot_Read_1_Before_filtering.txt:md5,048e9b2293217ab8b47ba0113b83c76c",
            "fastqc_sequence_duplication_levels_plot-1.txt:md5,06a4162d4787883b1f39a1b9acb7bb91",
            "fastqc_per_base_sequence_quality_plot-1.txt:md5,6a0df664a369ee216412f0033ed3a042",
            true,
            "fastqc_per_base_n_content_plot-1.txt:md5,048e9b2293217ab8b47ba0113b83c76c",
            "fastqc_per_base_n_content_plot.txt:md5,fb8a49467d1679dbf716e1f00c1f25e5",
            "fastp-seq-quality-plot_Read_1_After_filtering.txt:md5,b1481a9fbf5ea541b39aed99b51d616f",
            "fastqc_per_sequence_quality_scores_plot.txt:md5,38dbd6509de7f1beac17e44acb8336be",
            "mirtrace_qc_plot.txt:md5,c436d017382baed6617fc3c1ad8ab41d",
            "fastqc_per_sequence_quality_scores_plot-1.txt:md5,69f4459318311103fe71a5d1d3b2c076",
            "mirtrace_length_plot.txt:md5,2366f10eb8bd3c32d2b35e2df20c786c",
            true,
            "fastqc_overrepresented_sequences_plot-1.txt:md5,1de000de50cc7516bb9d996def14c6eb",
            "fastqc-status-check-heatmap-1.txt:md5,e64c353797e6dc057d10b3194ca6b20d",
            "fastqc_sequence_counts_plot.txt:md5,384516be5885fdeac59e70c17f1413c2",
            "mirtrace_rna_categories_plot.txt:md5,8665376e2a123e1661f82cbbee54789f",
            "fastp-seq-quality-plot_Read_1_Before_filtering.txt:md5,65685440fcb927115ac30b01133e2f92",
            "samtools_alignment_plot.txt:md5,ac24d7f3bf5858e7550d2f93446137e1",
            "fastqc_per_base_sequence_quality_plot.txt:md5,80ea53d94917cadcb41f3fdb56cba014",
            true,
            "fastp-seq-content-n-plot_Read_1_After_filtering.txt:md5,048e9b2293217ab8b47ba0113b83c76c",
            true,
            true,
            "fastqc_adapter_content_plot.txt:md5,86a0f478fd3e690ef5132d08bf4e7625",
            "fastqc_sequence_duplication_levels_plot.txt:md5,88b0babe77f623547e8af664791ef2d0",
            "fastqc_per_sequence_gc_content_plot_Percentages.txt:md5,539883757ae5bf731da93fe0568022e9",
            "fastqc_per_sequence_gc_content_plot-1_Counts.txt:md5,ed7205b9c46d5f431c5b3bf499a673a1",
            "fastqc_adapter_content_plot-1.txt:md5,71ba0983a71f3a833526ab83a985d072",
            "fastp-seq-content-gc-plot_Read_1_Before_filtering.txt:md5,a8387a3e6b350acd16bb0ed5a43949d8",
            "fastqc_per_sequence_gc_content_plot_Counts.txt:md5,3e9c1a7204c12d9c1b3b53342cf61840",
            true,
            "fastp-seq-content-gc-plot_Read_1_After_filtering.txt:md5,efa8123c9ad43f99a6fba671f50322ca"
        ],
        "meta": {
            "nf-test": "0.9.0",
            "nextflow": "23.10.0"
        },
        "timestamp": "2024-08-20T20:50:18.947900403"
    },
    "mirna_quant": {
        "content": [
            "Control_N1_mature_hairpin.sorted.stats:md5,feb69ad2f8bbc527e39502a297f08abd",
            "Control_N1_mature_hairpin.sorted.idxstats:md5,e1f455195f1cb42a1d1e58770aaeb2b4",
            "Clone1_N3_mature_hairpin.sorted.flagstat:md5,6f14ec4cd502c0eb213b1905b4568a76",
            "Clone9_N2_mature_hairpin.sorted.stats:md5,7bb8654d44dac245aec6aa045250628a",
            "Clone9_N3_mature_hairpin.sorted.flagstat:md5,efc65cb620ca139b19967e12f13ba007",
            true,
            true,
            "Control_N1_mature_hairpin.sorted.flagstat:md5,41769a400a176ea78432749f07f80fda",
            true,
            "Clone9_N1_mature_hairpin.sorted.stats:md5,155f327a9be0afa9584ec426826b5457",
            true,
            "Control_N2_mature_hairpin.sorted.stats:md5,1195dd51f77e338db83dc66476ac7c5f",
            true,
            "Control_N3_mature_hairpin.sorted.idxstats:md5,2c44710ce63bdebb12d64c729ef338b0",
            true,
            true,
            "Clone1_N1_mature_hairpin.sorted.idxstats:md5,0bca2d01f734128f3c11cf2697433048",
            "Clone9_N3_mature_hairpin.sorted.idxstats:md5,9523d29d411c2efb0a1756355230fa98",
            "Control_N2_mature_hairpin.sorted.idxstats:md5,8859b6e432cef8b24d5fb258a06aaabe",
            "Clone9_N2_mature_hairpin.sorted.flagstat:md5,663ae0bb8b29d1e1c3d75ef5df1015a4",
            "Clone9_N1_mature_hairpin.sorted.flagstat:md5,3e4b295b54df05c438603edaa53123b1",
            "Control_N3_mature_hairpin.sorted.flagstat:md5,f3df866b94dc6ef355b01f22047aaf4f",
            true,
            true,
            true,
            "Clone9_N3_mature_hairpin.sorted.stats:md5,9f61c028bb1c92667e31093156ada662",
            "Clone1_N1_mature_hairpin.sorted.stats:md5,bd02cb15e666054edecc89d392d72902",
            "Clone9_N2_mature_hairpin.sorted.idxstats:md5,04b1c0ea4f133b5ee9086eec1f4077e7",
            "Clone1_N3_mature_hairpin.sorted.stats:md5,471db325d8ccd1fe787b5dd91dccf487",
            true,
            "Control_N2_mature_hairpin.sorted.flagstat:md5,2605548b5ab1e6ad6b5cf88ea0030909",
            "Clone9_N1_mature_hairpin.sorted.idxstats:md5,238b462a2418d545418c0b3a28029bdf",
            true,
            "Control_N3_mature_hairpin.sorted.stats:md5,2f2249c537451d1f72dfe298f16093ac",
            true,
            true,
            "Clone1_N1_mature_hairpin.sorted.flagstat:md5,8d0c785fec7b300200863c68b158444c",
            true,
            true,
            "Clone1_N3_mature_hairpin.sorted.idxstats:md5,5b6cd8d5784c387d2649f18499a17c6e",
            true,
            "Clone1_N1_mature.sorted.stats:md5,9c42ffda181ca24ab076efc16fcfd4b3",
            "Clone1_N3_mature.sorted.idxstats:md5,805f115ac4d9c8033908bafaba6c92fb",
            "Clone9_N2_mature.sorted.stats:md5,fb8c403012481dafb895013c555f6d85",
            "Control_N2_mature.sorted.stats:md5,ef5935898e3ca45d898053af335d1dfb",
            "Control_N3_mature.sorted.flagstat:md5,2831f55bccbcf666d1c313ef377bcb30",
            true,
            true,
            "Clone9_N3_mature.sorted.stats:md5,23b012dd60ea6dcec5cedb5a73ffc792",
            true,
            "Clone1_N3_mature.sorted.flagstat:md5,67fc6ba8516d4e5b3ed2a62febc92f0a",
            "Clone9_N1_mature.sorted.idxstats:md5,c6eb22f3ff675e422d065375279150b2",
            true,
            "Control_N1_mature.sorted.stats:md5,b4ffb3a7623e32420def4d3470a326ab",
            "Control_N1_mature.sorted.idxstats:md5,847bc5c6ef44e1f9754e47e648a5ef98",
            "Clone9_N2_mature.sorted.flagstat:md5,247e02da50509fc1b3c5b35001922a8d",
            "Control_N2_mature.sorted.flagstat:md5,c8742d1b49535ff815c2def66cba681e",
            true,
            true,
            true,
            "Control_N2_mature.sorted.idxstats:md5,12388de965d69b6102b62bc9cdf27e85",
            true,
            "Clone9_N1_mature.sorted.flagstat:md5,014b846757652783ff3f954a966b8a1b",
            true,
            true,
            "Clone9_N3_mature.sorted.idxstats:md5,dee54e8e22dfca24acc290bf89a05cd4",
            "Clone9_N2_mature.sorted.idxstats:md5,c9643d610de2f4d449a876e41dcab872",
            "Clone9_N3_mature.sorted.flagstat:md5,4f60cfd3527e91df204253f9f1aebfcd",
            "Control_N3_mature.sorted.idxstats:md5,5fb7b46915043bd3c947a37afc3e8075",
            true,
            true,
            "Clone1_N1_mature.sorted.idxstats:md5,77ed64ddd23cf07340b65c04559d4726",
            true,
            "Clone1_N1_mature.sorted.flagstat:md5,f138a532bc7dab94f7cf4b4a4e5e23e5",
            "Control_N3_mature.sorted.stats:md5,ff9dab4d3220aa44cdc80ea2fc311823",
            "Clone1_N3_mature.sorted.stats:md5,e8feced949af44c8e5d31523b12122b9",
            true,
            true,
            "Control_N1_mature.sorted.flagstat:md5,16318a574fe410b81c0e2cdf0dfa3c97",
            "Clone9_N1_mature.sorted.stats:md5,02184884c17c8730f4df9e1a6144bbdc",
            "mirna.tsv:md5,1f840afe7ab68eac73feaaad321b64f6",
            true,
            true,
            "mirtop_rawData.tsv:md5,774410dd2cf1e5be83bf8d6e1e8b96b0",
            true,
            "Clone1_N3.fastp_trimmed.fastq.gz:md5,2e395240c74b3870efe03dc329d8bad8",
            "Control_N1.fastp_trimmed.fastq.gz:md5,2f09082eb68a8f1dc308050e330887ec",
            "Control_N3.fastp_trimmed.fastq.gz:md5,342368a6e6acdaf0ae9379676b6d07f0",
            "Clone9_N1.fastp_trimmed.fastq.gz:md5,115cf0c346a93a47ba782c5724b4f090",
            "Clone1_N1.fastp_trimmed.fastq.gz:md5,14a2590e663dbde105780726c2173c25",
            "Clone9_N2.fastp_trimmed.fastq.gz:md5,c922ec95a4b84d806dd2054ff0f9cab7",
            "Clone9_N3.fastp_trimmed.fastq.gz:md5,67cf9a7d2fa431f0e772391ed1651f93",
            "Control_N2.fastp_trimmed.fastq.gz:md5,d6e607edcb3d71c546ce8fdfb18e3999",
            "hairpin.fa_igenome.fa_idx.fa:md5,482b0327b0c1e36748c1ee3d3be9be77",
            "mature.fa_igenome.fa_idx.fa:md5,ef4cabcbea05adf334ba6891a50c951a",
            "hairpin.fa_igenome.fa:md5,5fb538f60d5288846600dba31010251e",
            "mature.fa_igenome.fa:md5,ef4cabcbea05adf334ba6891a50c951a",
            true,
            true,
            true,
            true,
            true,
            true,
            true,
            true,
            "hairpin_log2CPM_sample_distances.txt:md5,b19fa1d9f821fc8e2c0e9f34f76b5479",
            true,
            true,
            true,
            true,
            true,
            true,
            true
        ],
        "meta": {
            "nf-test": "0.9.0",
            "nextflow": "23.10.0"
        },
        "timestamp": "2024-08-21T17:43:32.069747201"
    }
}