{
    "fastqc_trimmed": {
        "content": [
            true,
            true,
            true,
            true,
            true,
            true,
            true,
            true
        ],
        "meta": {
            "nf-test": "0.9.0",
            "nextflow": "23.10.0"
        },
        "timestamp": "2024-08-22T22:12:19.94791178"
    },
    "mirtrace": {
        "content": [
            "mirtrace-stats-mirna-complexity.tsv:md5,6f7c2ced9fae8315b2ebb91dd6db9638",
            "mirtrace-stats-length.tsv:md5,c09651fb8f8417aafad3f3173ae855df",
            "mirtrace-stats-contamination_detailed.tsv:md5,3256b063ab94df31154104416abdeafe",
            "mirtrace-stats-contamination_basic.tsv:md5,baeeda551a91def51b0d945b4c1ea8a2",
            "mirtrace-stats-rnatype.tsv:md5,fdba5f1ccad362dfa2a2e219aa5b16e7",
            "mirtrace-stats-qcstatus.tsv:md5,00a31eee51e4b2306e83fcdc65790da3",
            "mirtrace-stats-phred.tsv:md5,4b8fa6f5aaeb4f2e43fcb1afa40ebcfa"
        ],
        "meta": {
            "nf-test": "0.9.0",
            "nextflow": "23.10.0"
        },
        "timestamp": "2024-08-22T22:12:34.488403228"
    },
    "mirna_quant_reference": {
        "content": [
            "mature.fa_igenome.fa:md5,48215f56ca0bfbdbb1a28482457283e3",
            "hairpin.fa_igenome.fa:md5,cddcc379892cb43e807ff54feafafbc1",
            "mature.fa_igenome.fa_idx.fa:md5,48215f56ca0bfbdbb1a28482457283e3",
            "hairpin.fa_igenome.fa_idx.fa:md5,f7ee61ca4537300386fdb85c7dec24d2"
        ],
        "meta": {
            "nf-test": "0.9.0",
            "nextflow": "23.10.0"
        },
        "timestamp": "2024-08-22T22:11:52.954791058"
    },
    "software_versions": {
        "content": [
            "{BOWTIE_MAP_HAIRPIN={bowtie=1.3.1, samtools=1.14}, BOWTIE_MAP_MATURE={bowtie=1.3.1, samtools=1.14}, BOWTIE_MAP_SEQCLUSTER={bowtie=1.3.1, samtools=1.14}, FASTP={fastp=0.23.4}, FASTQC_RAW={fastqc=0.12.1}, FASTQC_TRIM={fastqc=0.12.1}, FORMAT_HAIRPIN={fastx_toolkit=0.0.14}, FORMAT_MATURE={fastx_toolkit=0.0.14}, INDEX_HAIRPIN={bowtie=1.3.1}, INDEX_MATURE={bowtie=1.3.1}, MIRTOP_QUANT={mirtop=0.4.25}, MIRTRACE_RUN={mirtrace=1.0.1}, PARSE_HAIRPIN={seqkit=2.6.1}, PARSE_MATURE={seqkit=2.6.1}, SAMTOOLS_FLAGSTAT={samtools=1.2}, SAMTOOLS_IDXSTATS={samtools=1.2}, SAMTOOLS_INDEX={samtools=1.2}, SAMTOOLS_SORT={samtools=1.2}, SAMTOOLS_STATS={samtools=1.2}, SEQCLUSTER_SEQUENCES={seqcluster=1.2.9}, TABLE_MERGE={r-base=3.6.2}, Workflow={nf-core/smrnaseq=v2.3.2dev}}"
        ],
        "meta": {
            "nf-test": "0.9.0",
            "nextflow": "23.10.0"
        },
        "timestamp": "2024-08-22T22:11:52.791654763"
    },
    "mirna_quant_bam": {
        "content": [
            true,
            true,
            true,
            true,
            true,
            true,
            true,
            true,
            true,
            true,
            true,
            true,
            true,
            true,
            true,
            true,
            true,
            true,
            true,
            true,
            true,
            true,
            true,
            true,
            true,
            true,
            true,
            true,
            true,
            true,
            true,
            true,
            true,
            true,
            true,
            true,
            true,
            true,
            true,
            true,
            "Clone1_N3_mature.sorted.flagstat:md5,67fc6ba8516d4e5b3ed2a62febc92f0a",
            "Clone9_N2_mature.sorted.flagstat:md5,247e02da50509fc1b3c5b35001922a8d",
            "Clone1_N3_mature.sorted.idxstats:md5,39e30f2f398992208a5411c74a3c9774",
            "Clone9_N2_mature.sorted.idxstats:md5,1ecdffcf833b08768c83bd74bf5e1a95",
            "Clone9_N1_mature.sorted.stats:md5,02184884c17c8730f4df9e1a6144bbdc",
            "Control_N1_mature.sorted.flagstat:md5,16318a574fe410b81c0e2cdf0dfa3c97",
            "Control_N2_mature.sorted.flagstat:md5,cdeb62c8bd17760b6d258a17bec1e80c",
            "Clone9_N1_mature.sorted.idxstats:md5,4f5c53b3acc6ee228d5f5766bb4bf1d4",
            "Control_N1_mature.sorted.stats:md5,b4ffb3a7623e32420def4d3470a326ab",
            "Clone1_N1_mature.sorted.flagstat:md5,f138a532bc7dab94f7cf4b4a4e5e23e5",
            "Clone9_N2_mature.sorted.stats:md5,fb8c403012481dafb895013c555f6d85",
            "Clone9_N1_mature.sorted.flagstat:md5,014b846757652783ff3f954a966b8a1b",
            "Control_N3_mature.sorted.idxstats:md5,a38cb5edff03d442729ad3ab2dad5425",
            "Control_N1_mature.sorted.idxstats:md5,ec6150327db493da8faaca1525afacd1",
            "Clone9_N3_mature.sorted.idxstats:md5,84784ae05dce03ca691f7ae0b4074eb3",
            "Clone1_N3_mature.sorted.stats:md5,e8feced949af44c8e5d31523b12122b9",
            "Clone1_N1_mature.sorted.idxstats:md5,69adbd609e315faaa5b03082919c941f",
            "Clone9_N3_mature.sorted.flagstat:md5,4f60cfd3527e91df204253f9f1aebfcd",
            "Control_N2_mature.sorted.idxstats:md5,af6ecc38643b1aedf67354e91e95364e",
            "Clone9_N3_mature.sorted.stats:md5,23b012dd60ea6dcec5cedb5a73ffc792",
            "Clone1_N1_mature.sorted.stats:md5,9c42ffda181ca24ab076efc16fcfd4b3",
            "Control_N3_mature.sorted.stats:md5,ff9dab4d3220aa44cdc80ea2fc311823",
            "Control_N2_mature.sorted.stats:md5,958b7a9ccfe3893b117317d00cd29949",
            "Control_N3_mature.sorted.flagstat:md5,2831f55bccbcf666d1c313ef377bcb30",
            true,
            true,
            true,
            true,
            true,
            true,
            true,
            true,
            true,
            true,
            true,
            true,
            true,
            true,
            true,
            true,
            true,
            true,
            true,
            true,
            true,
            true,
            true,
            true,
            true,
            true,
            true,
            true,
            true,
            true,
            true,
            true,
            "Clone1_N3_mature_hairpin.sorted.stats:md5,8f0cb54dcf9604c6ea3cfc860b483725",
            "Clone9_N2_mature_hairpin.sorted.idxstats:md5,416c4f9aef6f2c79c329f477044e6485",
            "Control_N1_mature_hairpin.sorted.idxstats:md5,6ed8ee411919ec9baa5034679be63770",
            "Clone9_N3_mature_hairpin.sorted.idxstats:md5,361861d00aa0086eb1aa8bacc616db60",
            "Clone9_N1_mature_hairpin.sorted.stats:md5,fa18dddebf8b084542858f2c13342c2d",
            "Control_N2_mature_hairpin.sorted.stats:md5,0f618f0e64bd16ed4858c9012b7adf87",
            "Clone9_N2_mature_hairpin.sorted.stats:md5,925c282fdcd53d9b16e3c89840506daa",
            "Clone1_N3_mature_hairpin.sorted.idxstats:md5,a2457f5571563ecc03c4d9834fa75da0",
            "Clone1_N1_mature_hairpin.sorted.idxstats:md5,d54f57a896c7b7b5824e3af5b51f3fd2",
            "Control_N3_mature_hairpin.sorted.flagstat:md5,dca2071057d621f04d3c88c5fcc061eb",
            "Clone9_N2_mature_hairpin.sorted.flagstat:md5,5f3be7d1cf5db0ac22b1e4bbbc89460f",
            "Clone9_N3_mature_hairpin.sorted.flagstat:md5,43adb927ee6032297e95fedc5b080ca1",
            "Clone9_N1_mature_hairpin.sorted.idxstats:md5,2c376fd533eaa5bfd321657e8cdfc9f1",
            "Control_N1_mature_hairpin.sorted.flagstat:md5,94856ef0ef3e2944df1bddc31a118121",
            "Clone1_N1_mature_hairpin.sorted.stats:md5,15987963f6d2a224565663ae49a2bb19",
            "Control_N2_mature_hairpin.sorted.idxstats:md5,364ab0efe73b5369e362bf12ed738009",
            "Control_N1_mature_hairpin.sorted.stats:md5,9eb22683401f87e60cbc0cc73b39b8b7",
            "Clone1_N1_mature_hairpin.sorted.flagstat:md5,b2e8eb3b3d10a01a3794e2410c3ba270",
            "Clone9_N1_mature_hairpin.sorted.flagstat:md5,718c6b942e1171211326118f4877c4ad",
            "Clone1_N3_mature_hairpin.sorted.flagstat:md5,40449964287854e14984545f4007677c",
            "Control_N2_mature_hairpin.sorted.flagstat:md5,886085252cd07b0bbe8073be4549c719",
            "Control_N3_mature_hairpin.sorted.stats:md5,55cac79ae09a6147ffba190d6115bfa4",
            "Control_N3_mature_hairpin.sorted.idxstats:md5,0981f7a524ff0036b2d77c97147f0f0e",
            "Clone9_N3_mature_hairpin.sorted.stats:md5,e414a9e5b8a6e737cdd5aacaaaa40da8",
            true,
            true,
            true,
            true,
            true,
            true,
            true,
            true
        ],
        "meta": {
            "nf-test": "0.9.0",
            "nextflow": "23.10.0"
        },
        "timestamp": "2024-08-22T22:12:01.287451552"
    },
    "mirna_quant_edger_qc": {
        "content": [
            true,
            true,
            true,
            true,
            true,
            true,
            true,
            true,
            true,
            true,
            true,
            true,
            true,
            true,
            true,
            true
        ],
        "meta": {
            "nf-test": "0.9.0",
            "nextflow": "23.10.0"
        },
        "timestamp": "2024-08-22T22:12:09.099429169"
    },
    "fastqc_raw": {
        "content": [
            true,
            true,
            true,
            true,
            true,
            true,
            true,
            true
        ],
        "meta": {
            "nf-test": "0.9.0",
            "nextflow": "23.10.0"
        },
        "timestamp": "2024-08-22T22:12:13.908203185"
    },
    "multiqc_multiqc_data": {
        "content": [
            "fastqc-status-check-heatmap.txt:md5,30f55902420433a11971d36956e8576e",
            "fastp_filtered_reads_plot.txt:md5,0af4d3cfbf463f33b2b88cdfd69909ac",
            "fastqc_overrepresented_sequences_plot.txt:md5,d861a4a956a3023efa19b1259d8665b2",
            true,
            "fastqc_sequence_counts_plot-1.txt:md5,37d8ae6c5734eb2679e65e46c9af9101",
            "mirtrace_complexity_plot.txt:md5,5f78d6f559a9642e68e1fd74ac2c11ca",
            "fastqc_per_sequence_gc_content_plot-1_Percentages.txt:md5,edf5130b48b0814788867dd42e9cf407",
            "multiqc_citations.txt:md5,3adbccd17a42d0d5d97ee7ebb476f433",
            true,
            "fastqc_sequence_length_distribution_plot.txt:md5,13f72b3be854c74cd7b5176ca0583770",
            "fastp-seq-content-n-plot_Read_1_Before_filtering.txt:md5,048e9b2293217ab8b47ba0113b83c76c",
            "fastqc_sequence_duplication_levels_plot-1.txt:md5,06a4162d4787883b1f39a1b9acb7bb91",
            "fastqc_per_base_sequence_quality_plot-1.txt:md5,6a0df664a369ee216412f0033ed3a042",
            true,
            "fastqc_per_base_n_content_plot-1.txt:md5,048e9b2293217ab8b47ba0113b83c76c",
            "fastqc_per_base_n_content_plot.txt:md5,fb8a49467d1679dbf716e1f00c1f25e5",
            "fastp-seq-quality-plot_Read_1_After_filtering.txt:md5,b1481a9fbf5ea541b39aed99b51d616f",
            "fastqc_per_sequence_quality_scores_plot.txt:md5,38dbd6509de7f1beac17e44acb8336be",
            "mirtrace_qc_plot.txt:md5,c436d017382baed6617fc3c1ad8ab41d",
            "fastqc_per_sequence_quality_scores_plot-1.txt:md5,69f4459318311103fe71a5d1d3b2c076",
            "mirtrace_length_plot.txt:md5,2366f10eb8bd3c32d2b35e2df20c786c",
            true,
            "fastqc_overrepresented_sequences_plot-1.txt:md5,1de000de50cc7516bb9d996def14c6eb",
            "fastqc-status-check-heatmap-1.txt:md5,e64c353797e6dc057d10b3194ca6b20d",
            "fastqc_sequence_counts_plot.txt:md5,384516be5885fdeac59e70c17f1413c2",
            "mirtrace_rna_categories_plot.txt:md5,8665376e2a123e1661f82cbbee54789f",
            "fastp-seq-quality-plot_Read_1_Before_filtering.txt:md5,65685440fcb927115ac30b01133e2f92",
            true,
            "fastqc_per_base_sequence_quality_plot.txt:md5,80ea53d94917cadcb41f3fdb56cba014",
            true,
            "fastp-seq-content-n-plot_Read_1_After_filtering.txt:md5,048e9b2293217ab8b47ba0113b83c76c",
            true,
            true,
            "fastqc_adapter_content_plot.txt:md5,86a0f478fd3e690ef5132d08bf4e7625",
            "fastqc_sequence_duplication_levels_plot.txt:md5,88b0babe77f623547e8af664791ef2d0",
            "fastqc_per_sequence_gc_content_plot_Percentages.txt:md5,539883757ae5bf731da93fe0568022e9",
            "fastqc_per_sequence_gc_content_plot-1_Counts.txt:md5,ed7205b9c46d5f431c5b3bf499a673a1",
            "fastqc_adapter_content_plot-1.txt:md5,71ba0983a71f3a833526ab83a985d072",
            "fastp-seq-content-gc-plot_Read_1_Before_filtering.txt:md5,a8387a3e6b350acd16bb0ed5a43949d8",
            "fastqc_per_sequence_gc_content_plot_Counts.txt:md5,3e9c1a7204c12d9c1b3b53342cf61840",
            true,
            "fastp-seq-content-gc-plot_Read_1_After_filtering.txt:md5,efa8123c9ad43f99a6fba671f50322ca"
        ],
        "meta": {
            "nf-test": "0.9.0",
            "nextflow": "23.10.0"
        },
        "timestamp": "2024-08-22T22:15:02.747986455"
    },
    "mirna_quant_seqcluster": {
        "content": [
            "Control_N2.fastp_trimmed.fastq.gz:md5,d6e607edcb3d71c546ce8fdfb18e3999",
            "Clone1_N3.fastp_trimmed.fastq.gz:md5,2e395240c74b3870efe03dc329d8bad8",
            "Clone9_N3.fastp_trimmed.fastq.gz:md5,67cf9a7d2fa431f0e772391ed1651f93",
            "Control_N1.fastp_trimmed.fastq.gz:md5,2f09082eb68a8f1dc308050e330887ec",
            "Clone9_N2.fastp_trimmed.fastq.gz:md5,c922ec95a4b84d806dd2054ff0f9cab7",
            "Clone1_N1.fastp_trimmed.fastq.gz:md5,14a2590e663dbde105780726c2173c25",
            "Clone9_N1.fastp_trimmed.fastq.gz:md5,115cf0c346a93a47ba782c5724b4f090",
            "Control_N3.fastp_trimmed.fastq.gz:md5,342368a6e6acdaf0ae9379676b6d07f0"
        ],
        "meta": {
            "nf-test": "0.9.0",
            "nextflow": "23.10.0"
        },
        "timestamp": "2024-08-22T22:11:53.094072398"
    },
    "mirtrace_qc_passed_reads.rnatype_unknown.collapsed": {
        "content": [
            "Clone1_N1.fastp.fasta:md5,e297dfa46353946d6c140e4513dd4525",
            "Clone9_N1.fastp.fasta:md5,63a17d136548fc98f34c8d98006cc7da",
            "Control_N3.fastp.fasta:md5,d9980a598ece252e19d6c9ebefd51861",
            "Control_N1.fastp.fasta:md5,e964e05ce2c93937a8e76602f2e08150",
            "Clone9_N2.fastp.fasta:md5,b1ca39e6e1e75ee7d654d9ccfb35e906",
            "Control_N2.fastp.fasta:md5,8cefbc494be7b363b19c10b8c00366b2",
            "Clone1_N3.fastp.fasta:md5,4012282462dde0750f09cec883304cc3",
            "Clone9_N3.fastp.fasta:md5,f733e20eb8d2a2009ca82464e8ccb148"
        ],
        "meta": {
            "nf-test": "0.9.0",
            "nextflow": "23.10.0"
        },
        "timestamp": "2024-08-22T22:13:32.848948424"
    },
    "bowtie_index_mirna_mature": {
        "content": [
            "fasta_bidx.4.ebwt:md5,62e35549f28a1a85ccaf35858b1726aa",
            "fasta_bidx.rev.2.ebwt:md5,726c60d9a0108739ba9b61774bc39633",
            "fasta_bidx.1.ebwt:md5,a2162fb747e95535ea5a67023b8961cf",
            "fasta_bidx.2.ebwt:md5,876ebed9375cda6f248dfc940308fa5e",
            "fasta_bidx.3.ebwt:md5,a6d3abdddbf80cb9b2c97bbd7bc1f084",
            "fasta_bidx.rev.1.ebwt:md5,27578696198a61b0a3f783802823337e"
        ],
        "meta": {
            "nf-test": "0.9.0",
            "nextflow": "23.10.0"
        },
        "timestamp": "2024-08-22T22:14:19.484590232"
    },
    "bowtie_index_mirna_hairpin": {
        "content": [
            "fasta_bidx.2.ebwt:md5,9cf18dd788535404d7fd6a62450d2ce0",
            "fasta_bidx.4.ebwt:md5,96e2e8ec9f02d324d845e0708ff4b552",
            "fasta_bidx.1.ebwt:md5,9935201150ff358248380e07219fe093",
            "fasta_bidx.3.ebwt:md5,cccaad86d0d5e5f3c1d4ca3a700ee980",
            "fasta_bidx.rev.1.ebwt:md5,5e75ec9fb284ba316b3982a93f4ded49",
            "fasta_bidx.rev.2.ebwt:md5,ba8e745f11b3d28240a78efd5bf2a7b0"
        ],
        "meta": {
            "nf-test": "0.9.0",
            "nextflow": "23.10.0"
        },
        "timestamp": "2024-08-22T22:14:39.888973685"
    },
    "mirtrace_qc_passed_reads.all.collapsed": {
        "content": [
            "Clone1_N1.fastp.fasta:md5,2b7ae92e9b8fcdfa34b62e39d13e49be",
            "Clone9_N1.fastp.fasta:md5,c82f662747004a6873580898e29e1f44",
            "Control_N3.fastp.fasta:md5,178c466a3dae3c168dc1bdaffa647e77",
            "Control_N1.fastp.fasta:md5,5e377b864d5d4443234b46593884514c",
            "Clone9_N2.fastp.fasta:md5,0a676933f44f59ccbf388093e1815b22",
            "Control_N2.fastp.fasta:md5,8b11f194e66d35d8240cabf4493950ef",
            "Clone1_N3.fastp.fasta:md5,b52ce91e385589c82474039c32b9bc0d",
            "Clone9_N3.fastp.fasta:md5,d1b074453b3edb85ada10bd7d82b66a8"
        ],
        "meta": {
            "nf-test": "0.9.0",
            "nextflow": "23.10.0"
        },
        "timestamp": "2024-08-22T22:12:47.213844865"
    },
    "mirna_quant_mirtop": {
        "content": [
            true,
            true,
            "mirtop_rawData.tsv:md5,98c46ade3ba0b141f1306c1dbc9a3ff1",
            "mirna.tsv:md5,01179dda321cf235df8c1fb72609ecb4",
            true
        ],
        "meta": {
            "nf-test": "0.9.0",
            "nextflow": "23.10.0"
        },
        "timestamp": "2024-08-22T22:12:05.154814163"
    }
}